// Jest Snapshot v1, https://goo.gl/fbAQLP

exports[`PDP Template component SnapShot 1`] = `
<View
  style={
    {
      "alignItems": "center",
    }
  }
>
  <Image
    source={
      {
        "uri": "https://cdn-img.prettylittlething.com/9/0/a/a/90aa90903a135ee59594f47c7685aa7ef3046e44_cly8063_1.jpg?imwidth=1024",
      }
    }
    style={
      {
        "aspectRatio": 0.5,
        "height": undefined,
        "width": 200,
      }
    }
  />
  <Text
    style={
      {
        "marginTop": 20,
      }
    }
    testID="PDPPrice"
  >
    USD 
    10
  </Text>
  <Text
    style={
      {
        "fontWeight": "600",
        "marginBottom": 20,
      }
    }
    testID="PDPName"
  >
    Black Sheet Strappy Textured Glitter Bodycon Dress
  </Text>
  <View
    style={
      {
        "flexDirection": "row",
        "justifyContent": "space-between",
      }
    }
  >
    <View
      accessibilityState={
        {
          "disabled": true,
        }
      }
      accessible={true}
      collapsable={false}
      focusable={true}
      onClick={[Function]}
      onResponderGrant={[Function]}
      onResponderMove={[Function]}
      onResponderRelease={[Function]}
      onResponderTerminate={[Function]}
      onResponderTerminationRequest={[Function]}
      onStartShouldSetResponder={[Function]}
      style={
        {
          "backgroundColor": "grey",
          "opacity": 1,
          "padding": 10,
        }
      }
      testID="removeButton"
    >
      <Text
        style={
          {
            "color": "white",
          }
        }
      >
        -
      </Text>
    </View>
    <View
      accessible={true}
      collapsable={false}
      focusable={false}
      onClick={[Function]}
      onResponderGrant={[Function]}
      onResponderMove={[Function]}
      onResponderRelease={[Function]}
      onResponderTerminate={[Function]}
      onResponderTerminationRequest={[Function]}
      onStartShouldSetResponder={[Function]}
      style={
        {
          "backgroundColor": "white",
          "opacity": 1,
          "padding": 10,
        }
      }
    >
      <Text
        testID="quanityDisplay"
      >
        0
      </Text>
    </View>
    <View
      accessible={true}
      collapsable={false}
      focusable={true}
      onClick={[Function]}
      onResponderGrant={[Function]}
      onResponderMove={[Function]}
      onResponderRelease={[Function]}
      onResponderTerminate={[Function]}
      onResponderTerminationRequest={[Function]}
      onStartShouldSetResponder={[Function]}
      style={
        {
          "backgroundColor": "blue",
          "opacity": 1,
          "padding": 10,
        }
      }
      testID="addButton"
    >
      <Text
        style={
          {
            "color": "white",
          }
        }
      >
        +
      </Text>
    </View>
  </View>
</View>
`;
