// Jest Snapshot v1, https://goo.gl/fbAQLP

exports[`PDP Template component SnapShot 1`] = `
<RCTScrollView
  getItem={[Function]}
  getItemCount={[Function]}
  keyExtractor={[Function]}
  onContentSizeChange={[Function]}
  onLayout={[Function]}
  onMomentumScrollBegin={[Function]}
  onMomentumScrollEnd={[Function]}
  onScroll={[Function]}
  onScrollBeginDrag={[Function]}
  onScrollEndDrag={[Function]}
  removeClippedSubviews={false}
  renderItem={[Function]}
  scrollEventThrottle={50}
  stickyHeaderIndices={[]}
  testID="CartList"
  viewabilityConfigCallbackPairs={[]}
>
  <View />
</RCTScrollView>
`;
